------------------------------------------------------------
Timing Analyzer Summary
------------------------------------------------------------

Type  : Slow 1100mV 85C Model Setup 'clock_i'
Slack : 10.111
TNS   : 0.000

Type  : Slow 1100mV 85C Model Hold 'clock_i'
Slack : 0.300
TNS   : 0.000

Type  : Slow 1100mV 85C Model Recovery 'clock_i'
Slack : 12.912
TNS   : 0.000

Type  : Slow 1100mV 85C Model Removal 'clock_i'
Slack : 1.202
TNS   : 0.000

Type  : Slow 1100mV 85C Model Minimum Pulse Width 'clock_i'
Slack : 8.917
TNS   : 0.000

Type  : Slow 1100mV 0C Model Setup 'clock_i'
Slack : 10.180
TNS   : 0.000

Type  : Slow 1100mV 0C Model Hold 'clock_i'
Slack : 0.281
TNS   : 0.000

Type  : Slow 1100mV 0C Model Recovery 'clock_i'
Slack : 13.127
TNS   : 0.000

Type  : Slow 1100mV 0C Model Removal 'clock_i'
Slack : 1.152
TNS   : 0.000

Type  : Slow 1100mV 0C Model Minimum Pulse Width 'clock_i'
Slack : 8.942
TNS   : 0.000

Type  : Fast 1100mV 85C Model Setup 'clock_i'
Slack : 14.273
TNS   : 0.000

Type  : Fast 1100mV 85C Model Hold 'clock_i'
Slack : 0.178
TNS   : 0.000

Type  : Fast 1100mV 85C Model Recovery 'clock_i'
Slack : 15.541
TNS   : 0.000

Type  : Fast 1100mV 85C Model Removal 'clock_i'
Slack : 0.609
TNS   : 0.000

Type  : Fast 1100mV 85C Model Minimum Pulse Width 'clock_i'
Slack : 8.506
TNS   : 0.000

Type  : Fast 1100mV 0C Model Setup 'clock_i'
Slack : 14.774
TNS   : 0.000

Type  : Fast 1100mV 0C Model Hold 'clock_i'
Slack : 0.138
TNS   : 0.000

Type  : Fast 1100mV 0C Model Recovery 'clock_i'
Slack : 16.017
TNS   : 0.000

Type  : Fast 1100mV 0C Model Removal 'clock_i'
Slack : 0.551
TNS   : 0.000

Type  : Fast 1100mV 0C Model Minimum Pulse Width 'clock_i'
Slack : 8.460
TNS   : 0.000

------------------------------------------------------------
